Microchip Technology Inc, v2.10 (B)

Tool Name:
  d:\5th semester\ensf 460 dlc\compiler\bin\bin\..\bin/elf-ld.exe

Command:
  -TC:\\Users\\SUDARS~1\\AppData\\Local\\Temp\\tmp0000198c.00 \
  -TC:\\Users\\SUDARS~1\\AppData\\Local\\Temp\\tmp0000198c.01 \
  -TC:\\Users\\SUDARS~1\\AppData\\Local\\Temp\\tmp0000198c.02 \
  -TC:\\Users\\SUDARS~1\\AppData\\Local\\Temp\\tmp0000198c.03 \
  -TC:\\Users\\SUDARS~1\\AppData\\Local\\Temp\\tmp0000198c.04 \
  -p24F16KA101 \
  --mdfp=D:/5th semester/ENSF 460 DLC/New folder/packs/Microchip/PIC24F-KA-KL-KM_DFP/1.4.83/xc16 \
  -o \
  dist/default/debug/AppProject_01.X.debug.elf \
  -Ld:/5th semester/ensf 460 dlc/compiler/bin/bin/.. \
  -LD:/5th semester/ENSF 460 DLC/New folder/packs/Microchip/PIC24F-KA-KL-KM_DFP/1.4.83/xc16/bin/../support/PIC24F/gld \
  -Ld:/5th semester/ensf 460 dlc/compiler/bin/bin/../../lib \
  -Ld:/5th semester/ensf 460 dlc/compiler/bin/bin/../../support/PIC24E/gld \
  -Ld:/5th semester/ensf 460 dlc/compiler/bin/bin/../../support/PIC24F/gld \
  -Ld:/5th semester/ensf 460 dlc/compiler/bin/bin/../../support/PIC24H/gld \
  -Ld:/5th semester/ensf 460 dlc/compiler/bin/bin/../../support/dsPIC30F/gld \
  -Ld:/5th semester/ensf 460 dlc/compiler/bin/bin/../../support/dsPIC33C/gld \
  -Ld:/5th semester/ensf 460 dlc/compiler/bin/bin/../../support/dsPIC33E/gld \
  -Ld:/5th semester/ensf 460 dlc/compiler/bin/bin/../../support/dsPIC33F/gld \
  build/default/debug/ChangeClk.o \
  build/default/debug/IOs.o \
  build/default/debug/main.o \
  build/default/debug/TimeDelay.o \
  build/default/debug/UART2.o \
  build/default/debug/Alarm.o \
  --defsym=__MPLAB_BUILD=1 \
  --defsym=__MPLAB_DEBUG=1 \
  --defsym=__DEBUG=1 \
  -Tp24F16KA101.gld.05 \
  --stack=16 \
  --check-sections \
  --data-init \
  --pack-data \
  --handles \
  --isr \
  --no-gc-sections \
  --fill-upper=0 \
  --stackguard=16 \
  --no-force-link \
  --smart-io \
  -Map=dist/default/debug/AppProject_01.X.debug.map \
  --report-mem \
  --memorysummary \
  dist/default/debug/memoryfile.xml \
  -start-group \
  --library=c99-pic30-elf \
  --library=m-elf \
  --library=c99-elf \
  -end-group \


Optional library libpPIC24Fxxx.a not found
Archive member included because of file (symbol)

d:/5th semester/ensf 460 dlc/compiler/bin/bin/../../lib\libc99-pic30-elf.a(crt0_standard.o)
                              (__resetPRI)
d:/5th semester/ensf 460 dlc/compiler/bin/bin/../../lib\libc99-pic30-elf.a(data_init_standard.o)
                              d:/5th semester/ensf 460 dlc/compiler/bin/bin/../../lib\libc99-pic30-elf.a(crt0_standard.o) (__data_init_standard)
d:/5th semester/ensf 460 dlc/compiler/bin/bin/../../lib\libc99-pic30-elf.a(crt_start_mode_normal.Meo)
                              (__crt_start_mode_normal)
d:/5th semester/ensf 460 dlc/compiler/bin/bin/../../lib\libc99-pic30-elf.a(fixunssfsi.XX_o)
                              build/default/debug/UART2.o (___fixunssfsi)
d:/5th semester/ensf 460 dlc/compiler/bin/bin/../../lib\libc99-pic30-elf.a(floatsisf.XX_o)
                              build/default/debug/UART2.o (___floatsisf)
d:/5th semester/ensf 460 dlc/compiler/bin/bin/../../lib\libc99-pic30-elf.a(floatunsisf.XX_o)
                              build/default/debug/UART2.o (___floatunsisf)
d:/5th semester/ensf 460 dlc/compiler/bin/bin/../../lib\libc99-pic30-elf.a(funpack.XX_o)
                              d:/5th semester/ensf 460 dlc/compiler/bin/bin/../../lib\libc99-pic30-elf.a(fixunssfsi.XX_o) (__funpack)
d:/5th semester/ensf 460 dlc/compiler/bin/bin/../../lib\libc99-pic30-elf.a(divsf3x.XX_o)
                              build/default/debug/UART2.o (___divsf3)
d:/5th semester/ensf 460 dlc/compiler/bin/bin/../../lib\libc99-pic30-elf.a(typefx.XX_o)
                              d:/5th semester/ensf 460 dlc/compiler/bin/bin/../../lib\libc99-pic30-elf.a(divsf3x.XX_o) (__typef)
d:/5th semester/ensf 460 dlc/compiler/bin/bin/../../lib\libc99-pic30-elf.a(spackfx.XX_o)
                              d:/5th semester/ensf 460 dlc/compiler/bin/bin/../../lib\libc99-pic30-elf.a(divsf3x.XX_o) (__spackf)
d:/5th semester/ensf 460 dlc/compiler/bin/bin/../../lib\libc99-pic30-elf.a(unpackfx.XX_o)
                              d:/5th semester/ensf 460 dlc/compiler/bin/bin/../../lib\libc99-pic30-elf.a(divsf3x.XX_o) (__unpackf)
d:/5th semester/ensf 460 dlc/compiler/bin/bin/../../lib\libc99-pic30-elf.a(errno.XX_o)
                              d:/5th semester/ensf 460 dlc/compiler/bin/bin/../../lib\libc99-pic30-elf.a(divsf3x.XX_o) (_errno)
d:/5th semester/ensf 460 dlc/compiler/bin/bin/../../lib\libc99-pic30-elf.a(floatdisf.XX_o)
                              d:/5th semester/ensf 460 dlc/compiler/bin/bin/../../lib\libc99-pic30-elf.a(floatsisf.XX_o) (___floatdisf)
d:/5th semester/ensf 460 dlc/compiler/bin/bin/../../lib\libc99-pic30-elf.a(floatundisf.XX_o)
                              d:/5th semester/ensf 460 dlc/compiler/bin/bin/../../lib\libc99-pic30-elf.a(floatunsisf.XX_o) (___floatundisf)
d:/5th semester/ensf 460 dlc/compiler/bin/bin/../../lib\libc99-pic30-elf.a(fpack.XX_o)
                              d:/5th semester/ensf 460 dlc/compiler/bin/bin/../../lib\libc99-pic30-elf.a(floatundisf.XX_o) (__fpack)
d:/5th semester/ensf 460 dlc/compiler/bin/bin/../../lib\libm-elf.a(powf.XX_o)
                              build/default/debug/UART2.o (_powf)
d:/5th semester/ensf 460 dlc/compiler/bin/bin/../../lib\libm-elf.a(scalbnf.XX_o)
                              d:/5th semester/ensf 460 dlc/compiler/bin/bin/../../lib\libm-elf.a(powf.XX_o) (_scalbnf)
d:/5th semester/ensf 460 dlc/compiler/bin/bin/../../lib\libm-elf.a(sqrtf.XX_o)
                              d:/5th semester/ensf 460 dlc/compiler/bin/bin/../../lib\libm-elf.a(powf.XX_o) (_sqrtf)
d:/5th semester/ensf 460 dlc/compiler/bin/bin/../../lib\libm-elf.a(fabsf.XX_o)
                              d:/5th semester/ensf 460 dlc/compiler/bin/bin/../../lib\libm-elf.a(powf.XX_o) (_fabsf)
d:/5th semester/ensf 460 dlc/compiler/bin/bin/../../lib\libc99-elf.a(__errno_location.XX_o)
                              d:/5th semester/ensf 460 dlc/compiler/bin/bin/../../lib\libm-elf.a(powf.XX_o) (___errno_val)
d:/5th semester/ensf 460 dlc/compiler/bin/bin/../../lib\libc99-elf.a(strlen.XX_o)
                              build/default/debug/UART2.o (_strlen)
d:/5th semester/ensf 460 dlc/compiler/bin/bin/../../lib\libc99-pic30-elf.a(feqltle.XX_o)
                              d:/5th semester/ensf 460 dlc/compiler/bin/bin/../../lib\libm-elf.a(powf.XX_o) (___lesf2)
d:/5th semester/ensf 460 dlc/compiler/bin/bin/../../lib\libc99-pic30-elf.a(fgtge.XX_o)
                              d:/5th semester/ensf 460 dlc/compiler/bin/bin/../../lib\libm-elf.a(powf.XX_o) (___gtsf2)
d:/5th semester/ensf 460 dlc/compiler/bin/bin/../../lib\libc99-pic30-elf.a(addsf3x.XX_o)
                              d:/5th semester/ensf 460 dlc/compiler/bin/bin/../../lib\libm-elf.a(powf.XX_o) (___subsf3)
d:/5th semester/ensf 460 dlc/compiler/bin/bin/../../lib\libc99-pic30-elf.a(mulsf3x.XX_o)
                              d:/5th semester/ensf 460 dlc/compiler/bin/bin/../../lib\libm-elf.a(powf.XX_o) (___mulsf3)
d:/5th semester/ensf 460 dlc/compiler/bin/bin/../../lib\libc99-pic30-elf.a(dnrmpackfx.XX_o)
                              d:/5th semester/ensf 460 dlc/compiler/bin/bin/../../lib\libc99-pic30-elf.a(addsf3x.XX_o) (__dnrmpackf)
d:/5th semester/ensf 460 dlc/compiler/bin/bin/../../lib\libc99-pic30-elf.a(unpackdnrmfx.XX_o)
                              d:/5th semester/ensf 460 dlc/compiler/bin/bin/../../lib\libc99-pic30-elf.a(mulsf3x.XX_o) (__unpackdnrmf)
d:/5th semester/ensf 460 dlc/compiler/bin/bin/../../lib\libc99-pic30-elf.a(propnanfx.XX_o)
                              d:/5th semester/ensf 460 dlc/compiler/bin/bin/../../lib\libc99-pic30-elf.a(addsf3x.XX_o) (__propnanf)
d:/5th semester/ensf 460 dlc/compiler/bin/bin/../../lib\libc99-pic30-elf.a(fcompare.XX_o)
                              d:/5th semester/ensf 460 dlc/compiler/bin/bin/../../lib\libc99-pic30-elf.a(feqltle.XX_o) (__fcompare)
d:/5th semester/ensf 460 dlc/compiler/bin/bin/../../lib\libc99-pic30-elf.a(funpack2.XX_o)
                              d:/5th semester/ensf 460 dlc/compiler/bin/bin/../../lib\libc99-pic30-elf.a(fcompare.XX_o) (__funpack2)


Selected CodeGuard Options:
  FGS:GWRP:OFF
  FGS:GCP:OFF
  FBS:BWRP:OFF
  FBS:BSS:OFF

CodeGuard FLASH Memory:
  boot    (none)
  secure  (none)
  general 0x200 to 0x2bfe

CodeGuard RAM Memory:
  general 0x800 to 0xdff
  secure  (none)
  boot    (none)

CodeGuard EEPROM Memory:
  general 0x7ffe00 to 0x7fffff
  secure  (none)
  boot    (none)


xc16-ld 2.10 (B)

Default Code Model: Small
Default Data Model: Small
Default Scalar Model: Small

"program" Memory  [Origin = 0x200, Length = 0x2a00]

section                    address   length (PC units)   length (bytes) (dec)
-------                    -------   -----------------   --------------------
.text                        0x200              0x12ca          0x1c2f  (7215)
.const                      0x14ca                0x1e            0x2d  (45)
.text                       0x14e8               0x4b2           0x70b  (1803)
.dinit                      0x199a                0x3e            0x5d  (93)
.text                       0x19d8                0x18            0x24  (36)

                 Total "program" memory used (bytes):         0x23e8  (9192) 56%


"data" Memory  [Origin = 0x800, Length = 0x600]

section                    address      alignment gaps    total length  (dec)
-------                    -------      --------------    -------------------
reserve_data_0x800           0x800                0x20            0x20  (32)
reserve_data_0x820           0x820                 0x2             0x2  (2)
reserve_data_0x822           0x822                 0x2             0x2  (2)
reserve_data_0x824           0x824                 0x2             0x2  (2)
reserve_data_0x826           0x826                0x2a            0x2a  (42)
.nbss                        0x850                   0             0xe  (14)
.ndata                       0x85e                   0             0x2  (2)
.nbss                        0x860                   0             0x4  (4)
.data                        0x864                   0            0x18  (24)
.bss                         0x87c                   0             0x2  (2)

                 Total "data" memory used (bytes):           0x7e  (126) 8%


Dynamic Memory Usage

region                     address                      maximum length  (dec)
------                     -------                      ---------------------
heap                             0                                   0  (0)
stack                        0x87e                               0x582  (1410)

                 Maximum dynamic memory (bytes):          0x582  (1410)

Info: Project is using a large data memory model when small data memory model is sufficient.


External Symbols in Data Memory (by address):

                    0x0850                  _minutes
                    0x0852                  _seconds
                    0x0854                  _held
                    0x0856                  _isRunning
                    0x0858                  _RA2flag
                    0x085a                  _RA4flag
                    0x085c                  _RB4flag
                    0x085e                  _delayFlag
                    0x0860                  _clkval
                    0x087c                  ___errno_val

External Symbols in Data Memory (by name):

                    0x0858                  _RA2flag
                    0x085a                  _RA4flag
                    0x085c                  _RB4flag
                    0x087c                  ___errno_val
                    0x0860                  _clkval
                    0x085e                  _delayFlag
                    0x0854                  _held
                    0x0856                  _isRunning
                    0x0850                  _minutes
                    0x0852                  _seconds

External Symbols in Program Memory (by address):

                  0x000200                  __resetPRI
                  0x00023c                  __psv_init
                  0x000252                  __data_init_standard
                  0x000252                  __data_init
                  0x0002c8                  __CNInterrupt
                  0x00031a                  __T2Interrupt
                  0x000326                  __U2RXInterrupt
                  0x00032e                  __U2TXInterrupt
                  0x000336                  __DefaultInterrupt
                  0x00033c                  ___fixunssfsi
                  0x000372                  ___floatsisf
                  0x000378                  ___floatunsisf
                  0x00037c                  __funpack
                  0x0003a6                  ___divsf3
                  0x0003a6                  ___divsf3x
                  0x000538                  __sdivf
                  0x000564                  __typef
                  0x000598                  __spackf
                  0x00063e                  __unpackf
                  0x0006a4                  ___floatdisf
                  0x0006c4                  ___floatundisf
                  0x000722                  __fpack
                  0x00076e                  _powf
                  0x000f2e                  _scalbnf
                  0x000f82                  _sqrtf
                  0x001096                  _fabsf
                  0x0010a0                  _strlen
                  0x0010d0                  ___ltsf2
                  0x0010d0                  ___lesf2
                  0x0010d0                  ___eqsf2
                  0x0010d4                  ___gesf2
                  0x0010d4                  ___gtsf2
                  0x0010d8                  ___subsf3
                  0x0010d8                  ___subsf3x
                  0x0010ea                  ___addsf3x
                  0x0010ea                  ___addsf3
                  0x0012b4                  ___mulsf3x
                  0x0012b4                  ___mulsf3
                  0x0013c0                  __dnrmpackf
                  0x001414                  __unpackdnrmf
                  0x001472                  __propnanf
                  0x001484                  __fcompare
                  0x0014ba                  __funpack2
                  0x0014e8                  _InitUART2
                  0x001550                  _XmitUART2
                  0x001588                  _Disp2Hex
                  0x0015e6                  _Disp2Hex32
                  0x00165c                  _Disp2Dec
                  0x0016bc                  _Disp2String
                  0x0016de                  _IOinit
                  0x00171c                  _IOcheck
                  0x00186a                  _NewClk
                  0x0018de                  _delay_ms
                  0x001950                  _displayAlarm
                  0x0019d8                  _main
                  0xf80000                  __FBS.sec
                  0xf80004                  __FGS.sec

External Symbols in Program Memory (by name):

                  0x00165c                  _Disp2Dec
                  0x001588                  _Disp2Hex
                  0x0015e6                  _Disp2Hex32
                  0x0016bc                  _Disp2String
                  0x00171c                  _IOcheck
                  0x0016de                  _IOinit
                  0x0014e8                  _InitUART2
                  0x00186a                  _NewClk
                  0x001550                  _XmitUART2
                  0x0002c8                  __CNInterrupt
                  0x000336                  __DefaultInterrupt
                  0xf80000                  __FBS.sec
                  0xf80004                  __FGS.sec
                  0x00031a                  __T2Interrupt
                  0x000326                  __U2RXInterrupt
                  0x00032e                  __U2TXInterrupt
                  0x0010ea                  ___addsf3
                  0x0010ea                  ___addsf3x
                  0x0003a6                  ___divsf3
                  0x0003a6                  ___divsf3x
                  0x0010d0                  ___eqsf2
                  0x00033c                  ___fixunssfsi
                  0x0006a4                  ___floatdisf
                  0x000372                  ___floatsisf
                  0x0006c4                  ___floatundisf
                  0x000378                  ___floatunsisf
                  0x0010d4                  ___gesf2
                  0x0010d4                  ___gtsf2
                  0x0010d0                  ___lesf2
                  0x0010d0                  ___ltsf2
                  0x0012b4                  ___mulsf3
                  0x0012b4                  ___mulsf3x
                  0x0010d8                  ___subsf3
                  0x0010d8                  ___subsf3x
                  0x000252                  __data_init
                  0x000252                  __data_init_standard
                  0x0013c0                  __dnrmpackf
                  0x001484                  __fcompare
                  0x000722                  __fpack
                  0x00037c                  __funpack
                  0x0014ba                  __funpack2
                  0x001472                  __propnanf
                  0x00023c                  __psv_init
                  0x000200                  __resetPRI
                  0x000538                  __sdivf
                  0x000598                  __spackf
                  0x000564                  __typef
                  0x001414                  __unpackdnrmf
                  0x00063e                  __unpackf
                  0x0018de                  _delay_ms
                  0x001950                  _displayAlarm
                  0x001096                  _fabsf
                  0x0019d8                  _main
                  0x00076e                  _powf
                  0x000f2e                  _scalbnf
                  0x000f82                  _sqrtf
                  0x0010a0                  _strlen

Memory Configuration

Name             Origin             Length             Attributes
data             0x000800           0x000600           a !xr
reset            0x000000           0x000004  
ivt              0x000004           0x0000fc  
_reserved        0x000100           0x000004  
aivt             0x000104           0x0000fc  
program          0x000200           0x002a00           xr
eedata           0x7ffe00           0x000200  
FBS              0xf80000           0x000002  
FGS              0xf80004           0x000002  
FOSCSEL          0xf80006           0x000002  
FOSC             0xf80008           0x000002  
FWDT             0xf8000a           0x000002  
FPOR             0xf8000c           0x000002  
FICD             0xf8000e           0x000002  
FDS              0xf80010           0x000002  
*default*        0x000000           0xffffffff  

Linker script and memory map


reserve_data_0x800
                    0x0800         0x20
                    0x0820                  . = 0x20
 *fill*             0x0800         0x2000

reserve_data_0x820
                    0x0820          0x2
                    0x0822                  . = 0x2
 *fill*             0x0820          0x200

reserve_data_0x822
                    0x0822          0x2
                    0x0824                  . = 0x2
 *fill*             0x0822          0x200

reserve_data_0x824
                    0x0824          0x2
                    0x0826                  . = 0x2
 *fill*             0x0824          0x200

reserve_data_0x826
                    0x0826         0x2a
                    0x0850                  . = 0x2a
 *fill*             0x0826         0x2a00
LOAD build/default/debug/ChangeClk.o
LOAD build/default/debug/IOs.o
LOAD build/default/debug/main.o
LOAD build/default/debug/TimeDelay.o
LOAD build/default/debug/UART2.o
LOAD build/default/debug/Alarm.o
                    0x0001                  __MPLAB_BUILD = 0x1
                    0x0001                  __MPLAB_DEBUG = 0x1
                    0x0001                  __DEBUG = 0x1
LOAD pPIC24Fxxx
LOAD d:/5th semester/ensf 460 dlc/compiler/bin/bin/../../lib\libfx-elf.a
                    0xf80000                  __FBS = 0xf80000
                    0xf80004                  __FGS = 0xf80004
                    0xf80006                  __FOSCSEL = 0xf80006
                    0xf80008                  __FOSC = 0xf80008
                    0xf8000a                  __FWDT = 0xf8000a
                    0xf8000c                  __FPOR = 0xf8000c
                    0xf8000e                  __FICD = 0xf8000e
                    0xf80010                  __FDS = 0xf80010
                    0x0001                  __NO_HANDLES = 0x1
                    0x0200                  __CODE_BASE = 0x200
                    0x2a00                  __CODE_LENGTH = 0x2a00
                    0x0004                  __IVT_BASE = 0x4
                    0x0104                  __AIVT_BASE = 0x104
                    0x0800                  __DATA_BASE = 0x800
                    0x0600                  __DATA_LENGTH = 0x600

.reset            0x000000          0x4
                  0x000000          0x2 SHORT 0x200 ABSOLUTE (__reset)
                  0x000001          0x2 SHORT 0x4
                  0x000002          0x2 SHORT 0x0 ((ABSOLUTE (__reset) >> 0x10) & 0x7f)
                  0x000003          0x2 SHORT 0x0

.text             0x000200       0x12ca
 *(.init)
 .init            0x000200         0x4c d:/5th semester/ensf 460 dlc/compiler/bin/bin/../../lib\libc99-pic30-elf.a(crt0_standard.o)
                  0x000200                  __resetPRI
                  0x000200                  __reset
                  0x00023c                  __psv_init
 .init            0x00024c         0x7c d:/5th semester/ensf 460 dlc/compiler/bin/bin/../../lib\libc99-pic30-elf.a(data_init_standard.o)
                  0x000252                  __data_init_standard
                  0x000252                  __data_init
 *(.user_init)
 *(.handle)
 *(.isr*)
 .isr.text        0x0002c8         0x52 build/default/debug/IOs.o
                  0x0002c8                  __CNInterrupt
 .isr.text        0x00031a          0xc build/default/debug/TimeDelay.o
                  0x00031a                  __T2Interrupt
 .isr.text        0x000326         0x10 build/default/debug/UART2.o
                  0x000326                  __U2RXInterrupt
                  0x00032e                  __U2TXInterrupt
 .isr             0x000336          0x4 default_isr
                  0x000336                  __DefaultInterrupt
 *(.libc)
 *(.libm)
 *(.libdsp)
 *(.lib*)
 .libpic30_crt_start_mode
                  0x00033a          0x2 d:/5th semester/ensf 460 dlc/compiler/bin/bin/../../lib\libc99-pic30-elf.a(crt_start_mode_normal.Meo)
                  0x00033a                  __crt_start_mode
                  0x00033a                  __crt_start_mode_normal
 .libm.fixunssfsi
                  0x00033c         0x36 d:/5th semester/ensf 460 dlc/compiler/bin/bin/../../lib\libc99-pic30-elf.a(fixunssfsi.XX_o)
                  0x00033c                  ___fixunssfsi
 .libm.floatsisf
                  0x000372          0x6 d:/5th semester/ensf 460 dlc/compiler/bin/bin/../../lib\libc99-pic30-elf.a(floatsisf.XX_o)
                  0x000372                  ___floatsisf
 .libm.floatunsisf
                  0x000378          0x4 d:/5th semester/ensf 460 dlc/compiler/bin/bin/../../lib\libc99-pic30-elf.a(floatunsisf.XX_o)
                  0x000378                  ___floatunsisf
 .libm.funpack    0x00037c         0x2a d:/5th semester/ensf 460 dlc/compiler/bin/bin/../../lib\libc99-pic30-elf.a(funpack.XX_o)
                  0x00037c                  __funpack
 .libmx           0x0003a6        0x1be d:/5th semester/ensf 460 dlc/compiler/bin/bin/../../lib\libc99-pic30-elf.a(divsf3x.XX_o)
                  0x0003a6                  ___divsf3x
                  0x0003a6                  ___divsf3
                  0x000538                  __sdivf
 .libmx           0x000564         0x34 d:/5th semester/ensf 460 dlc/compiler/bin/bin/../../lib\libc99-pic30-elf.a(typefx.XX_o)
                  0x000564                  __typef
 .libmx           0x000598         0xa6 d:/5th semester/ensf 460 dlc/compiler/bin/bin/../../lib\libc99-pic30-elf.a(spackfx.XX_o)
                  0x000598                  __spackf
 .libmx           0x00063e         0x66 d:/5th semester/ensf 460 dlc/compiler/bin/bin/../../lib\libc99-pic30-elf.a(unpackfx.XX_o)
                  0x00063e                  __unpackf
 .libm.floatdisf
                  0x0006a4         0x20 d:/5th semester/ensf 460 dlc/compiler/bin/bin/../../lib\libc99-pic30-elf.a(floatdisf.XX_o)
                  0x0006a4                  ___floatdisf
 .libm.floatundisf
                  0x0006c4         0x5e d:/5th semester/ensf 460 dlc/compiler/bin/bin/../../lib\libc99-pic30-elf.a(floatundisf.XX_o)
                  0x0006c4                  ___floatundisf
 .libm.fpack      0x000722         0x4c d:/5th semester/ensf 460 dlc/compiler/bin/bin/../../lib\libc99-pic30-elf.a(fpack.XX_o)
                  0x000722                  __fpack
 .libc.powf       0x00076e        0x7c0 d:/5th semester/ensf 460 dlc/compiler/bin/bin/../../lib\libm-elf.a(powf.XX_o)
                  0x00076e                  _powf
 .libc.scalbnf    0x000f2e         0x54 d:/5th semester/ensf 460 dlc/compiler/bin/bin/../../lib\libm-elf.a(scalbnf.XX_o)
                  0x000f2e                  _scalbnf
 .libc.sqrtf      0x000f82        0x114 d:/5th semester/ensf 460 dlc/compiler/bin/bin/../../lib\libm-elf.a(sqrtf.XX_o)
                  0x000f82                  _sqrtf
 .libc.fabsf      0x001096          0xa d:/5th semester/ensf 460 dlc/compiler/bin/bin/../../lib\libm-elf.a(fabsf.XX_o)
                  0x001096                  _fabsf
 .libc.strlen     0x0010a0         0x30 d:/5th semester/ensf 460 dlc/compiler/bin/bin/../../lib\libc99-elf.a(strlen.XX_o)
                  0x0010a0                  _strlen
 .libm.eqsf2      0x0010d0          0x4 d:/5th semester/ensf 460 dlc/compiler/bin/bin/../../lib\libc99-pic30-elf.a(feqltle.XX_o)
                  0x0010d0                  ___eqsf2
                  0x0010d0                  ___ltsf2
                  0x0010d0                  ___lesf2
 .libm.gtsf2      0x0010d4          0x4 d:/5th semester/ensf 460 dlc/compiler/bin/bin/../../lib\libc99-pic30-elf.a(fgtge.XX_o)
                  0x0010d4                  ___gesf2
                  0x0010d4                  ___gtsf2
 .libmx           0x0010d8        0x1dc d:/5th semester/ensf 460 dlc/compiler/bin/bin/../../lib\libc99-pic30-elf.a(addsf3x.XX_o)
                  0x0010d8                  ___subsf3x
                  0x0010d8                  ___subsf3
                  0x0010ea                  ___addsf3x
                  0x0010ea                  ___addsf3
 .libmx           0x0012b4        0x10c d:/5th semester/ensf 460 dlc/compiler/bin/bin/../../lib\libc99-pic30-elf.a(mulsf3x.XX_o)
                  0x0012b4                  ___mulsf3x
                  0x0012b4                  ___mulsf3
 .libmx           0x0013c0         0x54 d:/5th semester/ensf 460 dlc/compiler/bin/bin/../../lib\libc99-pic30-elf.a(dnrmpackfx.XX_o)
                  0x0013c0                  __dnrmpackf
 .libmx           0x001414         0x5e d:/5th semester/ensf 460 dlc/compiler/bin/bin/../../lib\libc99-pic30-elf.a(unpackdnrmfx.XX_o)
                  0x001414                  __unpackdnrmf
 .libmx           0x001472         0x12 d:/5th semester/ensf 460 dlc/compiler/bin/bin/../../lib\libc99-pic30-elf.a(propnanfx.XX_o)
                  0x001472                  __propnanf
 .libm.fcompare
                  0x001484         0x36 d:/5th semester/ensf 460 dlc/compiler/bin/bin/../../lib\libc99-pic30-elf.a(fcompare.XX_o)
                  0x001484                  __fcompare
 .libm.funpack2
                  0x0014ba         0x10 d:/5th semester/ensf 460 dlc/compiler/bin/bin/../../lib\libc99-pic30-elf.a(funpack2.XX_o)
                  0x0014ba                  __funpack2

usercode
 *(usercode)

__FBS             0xf80000          0x2
 *(__FBS.sec*)
 __FBS.sec        0xf80000          0x2 /CW/_FBS ¡ž
                  0xf80000                  __FBS.sec

__FGS             0xf80004          0x2
 *(__FGS.sec*)
 __FGS.sec        0xf80004          0x2 /CW/_FGSPÑž
                  0xf80004                  __FGS.sec

__FOSCSEL
 *(__FOSCSEL.sec*)

__FOSC
 *(__FOSC.sec*)

__FWDT
 *(__FWDT.sec*)

__FPOR
 *(__FPOR.sec*)

__FICD
 *(__FICD.sec*)

__FDS
 *(__FDS.sec*)

.comment
 *(.comment)

.debug_info       0x000000       0x3c83
 *(.debug_info)
 .debug_info      0x000000        0x55d build/default/debug/ChangeClk.o
 .debug_info      0x00055d       0x1156 build/default/debug/IOs.o
 .debug_info      0x0016b3        0x1df build/default/debug/main.o
 .debug_info      0x001892        0x747 build/default/debug/TimeDelay.o
 .debug_info      0x001fd9        0xe80 build/default/debug/UART2.o
 .debug_info      0x002e59        0x27f build/default/debug/Alarm.o
 .debug_info      0x0030d8         0x90 d:/5th semester/ensf 460 dlc/compiler/bin/bin/../../lib\libc99-pic30-elf.a(fixunssfsi.XX_o)
 .debug_info      0x003168         0x8f d:/5th semester/ensf 460 dlc/compiler/bin/bin/../../lib\libc99-pic30-elf.a(floatsisf.XX_o)
 .debug_info      0x0031f7         0x91 d:/5th semester/ensf 460 dlc/compiler/bin/bin/../../lib\libc99-pic30-elf.a(floatunsisf.XX_o)
 .debug_info      0x003288         0x8d d:/5th semester/ensf 460 dlc/compiler/bin/bin/../../lib\libc99-pic30-elf.a(funpack.XX_o)
 .debug_info      0x003315         0x9d d:/5th semester/ensf 460 dlc/compiler/bin/bin/../../lib\libc99-pic30-elf.a(divsf3x.XX_o)
 .debug_info      0x0033b2         0x9c d:/5th semester/ensf 460 dlc/compiler/bin/bin/../../lib\libc99-pic30-elf.a(typefx.XX_o)
 .debug_info      0x00344e         0x9d d:/5th semester/ensf 460 dlc/compiler/bin/bin/../../lib\libc99-pic30-elf.a(spackfx.XX_o)
 .debug_info      0x0034eb         0x9e d:/5th semester/ensf 460 dlc/compiler/bin/bin/../../lib\libc99-pic30-elf.a(unpackfx.XX_o)
 .debug_info      0x003589         0x8f d:/5th semester/ensf 460 dlc/compiler/bin/bin/../../lib\libc99-pic30-elf.a(floatdisf.XX_o)
 .debug_info      0x003618         0x91 d:/5th semester/ensf 460 dlc/compiler/bin/bin/../../lib\libc99-pic30-elf.a(floatundisf.XX_o)
 .debug_info      0x0036a9         0x8b d:/5th semester/ensf 460 dlc/compiler/bin/bin/../../lib\libc99-pic30-elf.a(fpack.XX_o)
 .debug_info      0x003734         0x8d d:/5th semester/ensf 460 dlc/compiler/bin/bin/../../lib\libc99-pic30-elf.a(feqltle.XX_o)
 .debug_info      0x0037c1         0x8b d:/5th semester/ensf 460 dlc/compiler/bin/bin/../../lib\libc99-pic30-elf.a(fgtge.XX_o)
 .debug_info      0x00384c         0x9d d:/5th semester/ensf 460 dlc/compiler/bin/bin/../../lib\libc99-pic30-elf.a(addsf3x.XX_o)
 .debug_info      0x0038e9         0x9d d:/5th semester/ensf 460 dlc/compiler/bin/bin/../../lib\libc99-pic30-elf.a(mulsf3x.XX_o)
 .debug_info      0x003986         0xa0 d:/5th semester/ensf 460 dlc/compiler/bin/bin/../../lib\libc99-pic30-elf.a(dnrmpackfx.XX_o)
 .debug_info      0x003a26         0xa2 d:/5th semester/ensf 460 dlc/compiler/bin/bin/../../lib\libc99-pic30-elf.a(unpackdnrmfx.XX_o)
 .debug_info      0x003ac8         0x9f d:/5th semester/ensf 460 dlc/compiler/bin/bin/../../lib\libc99-pic30-elf.a(propnanfx.XX_o)
 .debug_info      0x003b67         0x8e d:/5th semester/ensf 460 dlc/compiler/bin/bin/../../lib\libc99-pic30-elf.a(fcompare.XX_o)
 .debug_info      0x003bf5         0x8e d:/5th semester/ensf 460 dlc/compiler/bin/bin/../../lib\libc99-pic30-elf.a(funpack2.XX_o)
 *(.gnu.linkonce.wi.*)

.debug_abbrev     0x000000        0x732
 *(.debug_abbrev)
 .debug_abbrev    0x000000        0x123 build/default/debug/ChangeClk.o
 .debug_abbrev    0x000123        0x15c build/default/debug/IOs.o
 .debug_abbrev    0x00027f         0x58 build/default/debug/main.o
 .debug_abbrev    0x0002d7        0x10b build/default/debug/TimeDelay.o
 .debug_abbrev    0x0003e2        0x114 build/default/debug/UART2.o
 .debug_abbrev    0x0004f6         0xac build/default/debug/Alarm.o
 .debug_abbrev    0x0005a2         0x14 d:/5th semester/ensf 460 dlc/compiler/bin/bin/../../lib\libc99-pic30-elf.a(fixunssfsi.XX_o)
 .debug_abbrev    0x0005b6         0x14 d:/5th semester/ensf 460 dlc/compiler/bin/bin/../../lib\libc99-pic30-elf.a(floatsisf.XX_o)
 .debug_abbrev    0x0005ca         0x14 d:/5th semester/ensf 460 dlc/compiler/bin/bin/../../lib\libc99-pic30-elf.a(floatunsisf.XX_o)
 .debug_abbrev    0x0005de         0x14 d:/5th semester/ensf 460 dlc/compiler/bin/bin/../../lib\libc99-pic30-elf.a(funpack.XX_o)
 .debug_abbrev    0x0005f2         0x14 d:/5th semester/ensf 460 dlc/compiler/bin/bin/../../lib\libc99-pic30-elf.a(divsf3x.XX_o)
 .debug_abbrev    0x000606         0x14 d:/5th semester/ensf 460 dlc/compiler/bin/bin/../../lib\libc99-pic30-elf.a(typefx.XX_o)
 .debug_abbrev    0x00061a         0x14 d:/5th semester/ensf 460 dlc/compiler/bin/bin/../../lib\libc99-pic30-elf.a(spackfx.XX_o)
 .debug_abbrev    0x00062e         0x14 d:/5th semester/ensf 460 dlc/compiler/bin/bin/../../lib\libc99-pic30-elf.a(unpackfx.XX_o)
 .debug_abbrev    0x000642         0x14 d:/5th semester/ensf 460 dlc/compiler/bin/bin/../../lib\libc99-pic30-elf.a(floatdisf.XX_o)
 .debug_abbrev    0x000656         0x14 d:/5th semester/ensf 460 dlc/compiler/bin/bin/../../lib\libc99-pic30-elf.a(floatundisf.XX_o)
 .debug_abbrev    0x00066a         0x14 d:/5th semester/ensf 460 dlc/compiler/bin/bin/../../lib\libc99-pic30-elf.a(fpack.XX_o)
 .debug_abbrev    0x00067e         0x14 d:/5th semester/ensf 460 dlc/compiler/bin/bin/../../lib\libc99-pic30-elf.a(feqltle.XX_o)
 .debug_abbrev    0x000692         0x14 d:/5th semester/ensf 460 dlc/compiler/bin/bin/../../lib\libc99-pic30-elf.a(fgtge.XX_o)
 .debug_abbrev    0x0006a6         0x14 d:/5th semester/ensf 460 dlc/compiler/bin/bin/../../lib\libc99-pic30-elf.a(addsf3x.XX_o)
 .debug_abbrev    0x0006ba         0x14 d:/5th semester/ensf 460 dlc/compiler/bin/bin/../../lib\libc99-pic30-elf.a(mulsf3x.XX_o)
 .debug_abbrev    0x0006ce         0x14 d:/5th semester/ensf 460 dlc/compiler/bin/bin/../../lib\libc99-pic30-elf.a(dnrmpackfx.XX_o)
 .debug_abbrev    0x0006e2         0x14 d:/5th semester/ensf 460 dlc/compiler/bin/bin/../../lib\libc99-pic30-elf.a(unpackdnrmfx.XX_o)
 .debug_abbrev    0x0006f6         0x14 d:/5th semester/ensf 460 dlc/compiler/bin/bin/../../lib\libc99-pic30-elf.a(propnanfx.XX_o)
 .debug_abbrev    0x00070a         0x14 d:/5th semester/ensf 460 dlc/compiler/bin/bin/../../lib\libc99-pic30-elf.a(fcompare.XX_o)
 .debug_abbrev    0x00071e         0x14 d:/5th semester/ensf 460 dlc/compiler/bin/bin/../../lib\libc99-pic30-elf.a(funpack2.XX_o)

.debug_line       0x000000        0xf99
 *(.debug_line)
 .debug_line      0x000000        0x115 build/default/debug/ChangeClk.o
 .debug_line      0x000115        0x17d build/default/debug/IOs.o
 .debug_line      0x000292         0x3a build/default/debug/main.o
 .debug_line      0x0002cc        0x135 build/default/debug/TimeDelay.o
 .debug_line      0x000401        0x17d build/default/debug/UART2.o
 .debug_line      0x00057e        0x113 build/default/debug/Alarm.o
 .debug_line      0x000691         0x53 d:/5th semester/ensf 460 dlc/compiler/bin/bin/../../lib\libc99-pic30-elf.a(fixunssfsi.XX_o)
 .debug_line      0x0006e4         0x3a d:/5th semester/ensf 460 dlc/compiler/bin/bin/../../lib\libc99-pic30-elf.a(floatsisf.XX_o)
 .debug_line      0x00071e         0x3b d:/5th semester/ensf 460 dlc/compiler/bin/bin/../../lib\libc99-pic30-elf.a(floatunsisf.XX_o)
 .debug_line      0x000759         0x4a d:/5th semester/ensf 460 dlc/compiler/bin/bin/../../lib\libc99-pic30-elf.a(funpack.XX_o)
 .debug_line      0x0007a3        0x124 d:/5th semester/ensf 460 dlc/compiler/bin/bin/../../lib\libc99-pic30-elf.a(divsf3x.XX_o)
 .debug_line      0x0008c7         0x5e d:/5th semester/ensf 460 dlc/compiler/bin/bin/../../lib\libc99-pic30-elf.a(typefx.XX_o)
 .debug_line      0x000925         0x98 d:/5th semester/ensf 460 dlc/compiler/bin/bin/../../lib\libc99-pic30-elf.a(spackfx.XX_o)
 .debug_line      0x0009bd         0x79 d:/5th semester/ensf 460 dlc/compiler/bin/bin/../../lib\libc99-pic30-elf.a(unpackfx.XX_o)
 .debug_line      0x000a36         0x1a d:/5th semester/ensf 460 dlc/compiler/bin/bin/../../lib\libc99-pic30-elf.a(errno.XX_o)
 .debug_line      0x000a50         0x47 d:/5th semester/ensf 460 dlc/compiler/bin/bin/../../lib\libc99-pic30-elf.a(floatdisf.XX_o)
 .debug_line      0x000a97         0x6c d:/5th semester/ensf 460 dlc/compiler/bin/bin/../../lib\libc99-pic30-elf.a(floatundisf.XX_o)
 .debug_line      0x000b03         0x5a d:/5th semester/ensf 460 dlc/compiler/bin/bin/../../lib\libc99-pic30-elf.a(fpack.XX_o)
 .debug_line      0x000b5d         0x37 d:/5th semester/ensf 460 dlc/compiler/bin/bin/../../lib\libc99-pic30-elf.a(feqltle.XX_o)
 .debug_line      0x000b94         0x35 d:/5th semester/ensf 460 dlc/compiler/bin/bin/../../lib\libc99-pic30-elf.a(fgtge.XX_o)
 .debug_line      0x000bc9        0x136 d:/5th semester/ensf 460 dlc/compiler/bin/bin/../../lib\libc99-pic30-elf.a(addsf3x.XX_o)
 .debug_line      0x000cff         0xcc d:/5th semester/ensf 460 dlc/compiler/bin/bin/../../lib\libc99-pic30-elf.a(mulsf3x.XX_o)
 .debug_line      0x000dcb         0x72 d:/5th semester/ensf 460 dlc/compiler/bin/bin/../../lib\libc99-pic30-elf.a(dnrmpackfx.XX_o)
 .debug_line      0x000e3d         0x7a d:/5th semester/ensf 460 dlc/compiler/bin/bin/../../lib\libc99-pic30-elf.a(unpackdnrmfx.XX_o)
 .debug_line      0x000eb7         0x51 d:/5th semester/ensf 460 dlc/compiler/bin/bin/../../lib\libc99-pic30-elf.a(propnanfx.XX_o)
 .debug_line      0x000f08         0x53 d:/5th semester/ensf 460 dlc/compiler/bin/bin/../../lib\libc99-pic30-elf.a(fcompare.XX_o)
 .debug_line      0x000f5b         0x3e d:/5th semester/ensf 460 dlc/compiler/bin/bin/../../lib\libc99-pic30-elf.a(funpack2.XX_o)

.debug_frame      0x000000        0x244
 *(.debug_frame)
 .debug_frame     0x000000         0x2e build/default/debug/ChangeClk.o
 .debug_frame     0x00002e         0x86 build/default/debug/IOs.o
 .debug_frame     0x0000b4         0x2e build/default/debug/main.o
 .debug_frame     0x0000e2         0x48 build/default/debug/TimeDelay.o
 .debug_frame     0x00012a         0xec build/default/debug/UART2.o
 .debug_frame     0x000216         0x2e build/default/debug/Alarm.o

.debug_str        0x000000        0x143
 *(.debug_str)
 .debug_str       0x000000         0x16 build/default/debug/ChangeClk.o
 .debug_str       0x000016         0x94 build/default/debug/IOs.o
 .debug_str       0x0000aa         0x38 build/default/debug/TimeDelay.o
 .debug_str       0x0000e2         0x4e build/default/debug/UART2.o
 .debug_str       0x000130         0x13 build/default/debug/Alarm.o

.debug_loc
 *(.debug_loc)

.debug_macinfo
 *(.debug_macinfo)

.debug_pubnames
                  0x000000        0x1be
 *(.debug_pubnames)
 .debug_pubnames
                  0x000000         0x1d build/default/debug/ChangeClk.o
 .debug_pubnames
                  0x00001d         0x69 build/default/debug/IOs.o
 .debug_pubnames
                  0x000086         0x4d build/default/debug/main.o
 .debug_pubnames
                  0x0000d3         0x30 build/default/debug/TimeDelay.o
 .debug_pubnames
                  0x000103         0x98 build/default/debug/UART2.o
 .debug_pubnames
                  0x00019b         0x23 build/default/debug/Alarm.o

.debug_ranges
 *(.debug_ranges)

.debug_aranges    0x000000        0x310
 *(.debug_aranges)
 .debug_aranges
                  0x000000         0x18 build/default/debug/ChangeClk.o
 .debug_aranges
                  0x000018         0x18 build/default/debug/IOs.o
 .debug_aranges
                  0x000030         0x18 build/default/debug/main.o
 .debug_aranges
                  0x000048         0x18 build/default/debug/TimeDelay.o
 .debug_aranges
                  0x000060         0x18 build/default/debug/UART2.o
 .debug_aranges
                  0x000078         0x18 build/default/debug/Alarm.o
 .debug_aranges
                  0x000090         0x20 d:/5th semester/ensf 460 dlc/compiler/bin/bin/../../lib\libc99-pic30-elf.a(fixunssfsi.XX_o)
 .debug_aranges
                  0x0000b0         0x20 d:/5th semester/ensf 460 dlc/compiler/bin/bin/../../lib\libc99-pic30-elf.a(floatsisf.XX_o)
 .debug_aranges
                  0x0000d0         0x20 d:/5th semester/ensf 460 dlc/compiler/bin/bin/../../lib\libc99-pic30-elf.a(floatunsisf.XX_o)
 .debug_aranges
                  0x0000f0         0x20 d:/5th semester/ensf 460 dlc/compiler/bin/bin/../../lib\libc99-pic30-elf.a(funpack.XX_o)
 .debug_aranges
                  0x000110         0x20 d:/5th semester/ensf 460 dlc/compiler/bin/bin/../../lib\libc99-pic30-elf.a(divsf3x.XX_o)
 .debug_aranges
                  0x000130         0x20 d:/5th semester/ensf 460 dlc/compiler/bin/bin/../../lib\libc99-pic30-elf.a(typefx.XX_o)
 .debug_aranges
                  0x000150         0x20 d:/5th semester/ensf 460 dlc/compiler/bin/bin/../../lib\libc99-pic30-elf.a(spackfx.XX_o)
 .debug_aranges
                  0x000170         0x20 d:/5th semester/ensf 460 dlc/compiler/bin/bin/../../lib\libc99-pic30-elf.a(unpackfx.XX_o)
 .debug_aranges
                  0x000190         0x20 d:/5th semester/ensf 460 dlc/compiler/bin/bin/../../lib\libc99-pic30-elf.a(floatdisf.XX_o)
 .debug_aranges
                  0x0001b0         0x20 d:/5th semester/ensf 460 dlc/compiler/bin/bin/../../lib\libc99-pic30-elf.a(floatundisf.XX_o)
 .debug_aranges
                  0x0001d0         0x20 d:/5th semester/ensf 460 dlc/compiler/bin/bin/../../lib\libc99-pic30-elf.a(fpack.XX_o)
 .debug_aranges
                  0x0001f0         0x20 d:/5th semester/ensf 460 dlc/compiler/bin/bin/../../lib\libc99-pic30-elf.a(feqltle.XX_o)
 .debug_aranges
                  0x000210         0x20 d:/5th semester/ensf 460 dlc/compiler/bin/bin/../../lib\libc99-pic30-elf.a(fgtge.XX_o)
 .debug_aranges
                  0x000230         0x20 d:/5th semester/ensf 460 dlc/compiler/bin/bin/../../lib\libc99-pic30-elf.a(addsf3x.XX_o)
 .debug_aranges
                  0x000250         0x20 d:/5th semester/ensf 460 dlc/compiler/bin/bin/../../lib\libc99-pic30-elf.a(mulsf3x.XX_o)
 .debug_aranges
                  0x000270         0x20 d:/5th semester/ensf 460 dlc/compiler/bin/bin/../../lib\libc99-pic30-elf.a(dnrmpackfx.XX_o)
 .debug_aranges
                  0x000290         0x20 d:/5th semester/ensf 460 dlc/compiler/bin/bin/../../lib\libc99-pic30-elf.a(unpackdnrmfx.XX_o)
 .debug_aranges
                  0x0002b0         0x20 d:/5th semester/ensf 460 dlc/compiler/bin/bin/../../lib\libc99-pic30-elf.a(propnanfx.XX_o)
 .debug_aranges
                  0x0002d0         0x20 d:/5th semester/ensf 460 dlc/compiler/bin/bin/../../lib\libc99-pic30-elf.a(fcompare.XX_o)
 .debug_aranges
                  0x0002f0         0x20 d:/5th semester/ensf 460 dlc/compiler/bin/bin/../../lib\libc99-pic30-elf.a(funpack2.XX_o)
                    0x0000                  WREG0 = 0x0
                    0x0000                  _WREG0 = 0x0
                    0x0002                  WREG1 = 0x2
                    0x0002                  _WREG1 = 0x2
                    0x0004                  WREG2 = 0x4
                    0x0004                  _WREG2 = 0x4
                    0x0006                  WREG3 = 0x6
                    0x0006                  _WREG3 = 0x6
                    0x0008                  WREG4 = 0x8
                    0x0008                  _WREG4 = 0x8
                    0x000a                  WREG5 = 0xa
                    0x000a                  _WREG5 = 0xa
                    0x000c                  WREG6 = 0xc
                    0x000c                  _WREG6 = 0xc
                    0x000e                  WREG7 = 0xe
                    0x000e                  _WREG7 = 0xe
                    0x0010                  WREG8 = 0x10
                    0x0010                  _WREG8 = 0x10
                    0x0012                  WREG9 = 0x12
                    0x0012                  _WREG9 = 0x12
                    0x0014                  WREG10 = 0x14
                    0x0014                  _WREG10 = 0x14
                    0x0016                  WREG11 = 0x16
                    0x0016                  _WREG11 = 0x16
                    0x0018                  WREG12 = 0x18
                    0x0018                  _WREG12 = 0x18
                    0x001a                  WREG13 = 0x1a
                    0x001a                  _WREG13 = 0x1a
                    0x001c                  WREG14 = 0x1c
                    0x001c                  _WREG14 = 0x1c
                    0x001e                  WREG15 = 0x1e
                    0x001e                  _WREG15 = 0x1e
                    0x0020                  SPLIM = 0x20
                    0x0020                  _SPLIM = 0x20
                    0x002e                  PCL = 0x2e
                    0x002e                  _PCL = 0x2e
                    0x0030                  PCH = 0x30
                    0x0030                  _PCH = 0x30
                    0x0032                  TBLPAG = 0x32
                    0x0032                  _TBLPAG = 0x32
                    0x0034                  PSVPAG = 0x34
                    0x0034                  _PSVPAG = 0x34
                    0x0036                  RCOUNT = 0x36
                    0x0036                  _RCOUNT = 0x36
                    0x0042                  SR = 0x42
                    0x0042                  _SR = 0x42
                    0x0042                  _SRbits = 0x42
                    0x0044                  CORCON = 0x44
                    0x0044                  _CORCON = 0x44
                    0x0044                  _CORCONbits = 0x44
                    0x0052                  DISICNT = 0x52
                    0x0052                  _DISICNT = 0x52
                    0x0060                  CNEN1 = 0x60
                    0x0060                  _CNEN1 = 0x60
                    0x0060                  _CNEN1bits = 0x60
                    0x0062                  CNEN2 = 0x62
                    0x0062                  _CNEN2 = 0x62
                    0x0062                  _CNEN2bits = 0x62
                    0x0068                  CNPU1 = 0x68
                    0x0068                  _CNPU1 = 0x68
                    0x0068                  _CNPU1bits = 0x68
                    0x006a                  CNPU2 = 0x6a
                    0x006a                  _CNPU2 = 0x6a
                    0x006a                  _CNPU2bits = 0x6a
                    0x0070                  CNPD1 = 0x70
                    0x0070                  _CNPD1 = 0x70
                    0x0070                  _CNPD1bits = 0x70
                    0x0072                  CNPD2 = 0x72
                    0x0072                  _CNPD2 = 0x72
                    0x0072                  _CNPD2bits = 0x72
                    0x0080                  INTCON1 = 0x80
                    0x0080                  _INTCON1 = 0x80
                    0x0080                  _INTCON1bits = 0x80
                    0x0082                  INTCON2 = 0x82
                    0x0082                  _INTCON2 = 0x82
                    0x0082                  _INTCON2bits = 0x82
                    0x0084                  IFS0 = 0x84
                    0x0084                  _IFS0 = 0x84
                    0x0084                  _IFS0bits = 0x84
                    0x0086                  IFS1 = 0x86
                    0x0086                  _IFS1 = 0x86
                    0x0086                  _IFS1bits = 0x86
                    0x008a                  IFS3 = 0x8a
                    0x008a                  _IFS3 = 0x8a
                    0x008a                  _IFS3bits = 0x8a
                    0x008c                  IFS4 = 0x8c
                    0x008c                  _IFS4 = 0x8c
                    0x008c                  _IFS4bits = 0x8c
                    0x0094                  IEC0 = 0x94
                    0x0094                  _IEC0 = 0x94
                    0x0094                  _IEC0bits = 0x94
                    0x0096                  IEC1 = 0x96
                    0x0096                  _IEC1 = 0x96
                    0x0096                  _IEC1bits = 0x96
                    0x009a                  IEC3 = 0x9a
                    0x009a                  _IEC3 = 0x9a
                    0x009a                  _IEC3bits = 0x9a
                    0x009c                  IEC4 = 0x9c
                    0x009c                  _IEC4 = 0x9c
                    0x009c                  _IEC4bits = 0x9c
                    0x00a4                  IPC0 = 0xa4
                    0x00a4                  _IPC0 = 0xa4
                    0x00a4                  _IPC0bits = 0xa4
                    0x00a6                  IPC1 = 0xa6
                    0x00a6                  _IPC1 = 0xa6
                    0x00a6                  _IPC1bits = 0xa6
                    0x00a8                  IPC2 = 0xa8
                    0x00a8                  _IPC2 = 0xa8
                    0x00a8                  _IPC2bits = 0xa8
                    0x00aa                  IPC3 = 0xaa
                    0x00aa                  _IPC3 = 0xaa
                    0x00aa                  _IPC3bits = 0xaa
                    0x00ac                  IPC4 = 0xac
                    0x00ac                  _IPC4 = 0xac
                    0x00ac                  _IPC4bits = 0xac
                    0x00ae                  IPC5 = 0xae
                    0x00ae                  _IPC5 = 0xae
                    0x00ae                  _IPC5bits = 0xae
                    0x00b2                  IPC7 = 0xb2
                    0x00b2                  _IPC7 = 0xb2
                    0x00b2                  _IPC7bits = 0xb2
                    0x00c2                  IPC15 = 0xc2
                    0x00c2                  _IPC15 = 0xc2
                    0x00c2                  _IPC15bits = 0xc2
                    0x00c4                  IPC16 = 0xc4
                    0x00c4                  _IPC16 = 0xc4
                    0x00c4                  _IPC16bits = 0xc4
                    0x00c8                  IPC18 = 0xc8
                    0x00c8                  _IPC18 = 0xc8
                    0x00c8                  _IPC18bits = 0xc8
                    0x00ca                  IPC19 = 0xca
                    0x00ca                  _IPC19 = 0xca
                    0x00ca                  _IPC19bits = 0xca
                    0x00e0                  INTTREG = 0xe0
                    0x00e0                  _INTTREG = 0xe0
                    0x00e0                  _INTTREGbits = 0xe0
                    0x0100                  TMR1 = 0x100
                    0x0100                  _TMR1 = 0x100
                    0x0102                  PR1 = 0x102
                    0x0102                  _PR1 = 0x102
                    0x0104                  T1CON = 0x104
                    0x0104                  _T1CON = 0x104
                    0x0104                  _T1CONbits = 0x104
                    0x0106                  TMR2 = 0x106
                    0x0106                  _TMR2 = 0x106
                    0x0108                  TMR3HLD = 0x108
                    0x0108                  _TMR3HLD = 0x108
                    0x010a                  TMR3 = 0x10a
                    0x010a                  _TMR3 = 0x10a
                    0x010c                  PR2 = 0x10c
                    0x010c                  _PR2 = 0x10c
                    0x010e                  PR3 = 0x10e
                    0x010e                  _PR3 = 0x10e
                    0x0110                  T2CON = 0x110
                    0x0110                  _T2CON = 0x110
                    0x0110                  _T2CONbits = 0x110
                    0x0112                  T3CON = 0x112
                    0x0112                  _T3CON = 0x112
                    0x0112                  _T3CONbits = 0x112
                    0x0140                  IC1BUF = 0x140
                    0x0140                  _IC1BUF = 0x140
                    0x0142                  IC1CON = 0x142
                    0x0142                  _IC1CON = 0x142
                    0x0142                  _IC1CONbits = 0x142
                    0x0180                  OC1RS = 0x180
                    0x0180                  _OC1RS = 0x180
                    0x0182                  OC1R = 0x182
                    0x0182                  _OC1R = 0x182
                    0x0184                  OC1CON = 0x184
                    0x0184                  _OC1CON = 0x184
                    0x0184                  _OC1CONbits = 0x184
                    0x0200                  I2C1RCV = 0x200
                    0x0200                  _I2C1RCV = 0x200
                    0x0202                  I2C1TRN = 0x202
                    0x0202                  _I2C1TRN = 0x202
                    0x0204                  I2C1BRG = 0x204
                    0x0204                  _I2C1BRG = 0x204
                    0x0206                  I2C1CON = 0x206
                    0x0206                  _I2C1CON = 0x206
                    0x0206                  _I2C1CONbits = 0x206
                    0x0208                  I2C1STAT = 0x208
                    0x0208                  _I2C1STAT = 0x208
                    0x0208                  _I2C1STATbits = 0x208
                    0x020a                  I2C1ADD = 0x20a
                    0x020a                  _I2C1ADD = 0x20a
                    0x020c                  I2C1MSK = 0x20c
                    0x020c                  _I2C1MSK = 0x20c
                    0x020c                  _I2C1MSKbits = 0x20c
                    0x0220                  U1MODE = 0x220
                    0x0220                  _U1MODE = 0x220
                    0x0220                  _U1MODEbits = 0x220
                    0x0222                  U1STA = 0x222
                    0x0222                  _U1STA = 0x222
                    0x0222                  _U1STAbits = 0x222
                    0x0224                  U1TXREG = 0x224
                    0x0224                  _U1TXREG = 0x224
                    0x0226                  U1RXREG = 0x226
                    0x0226                  _U1RXREG = 0x226
                    0x0228                  U1BRG = 0x228
                    0x0228                  _U1BRG = 0x228
                    0x0230                  U2MODE = 0x230
                    0x0230                  _U2MODE = 0x230
                    0x0230                  _U2MODEbits = 0x230
                    0x0232                  U2STA = 0x232
                    0x0232                  _U2STA = 0x232
                    0x0232                  _U2STAbits = 0x232
                    0x0234                  U2TXREG = 0x234
                    0x0234                  _U2TXREG = 0x234
                    0x0236                  U2RXREG = 0x236
                    0x0236                  _U2RXREG = 0x236
                    0x0238                  U2BRG = 0x238
                    0x0238                  _U2BRG = 0x238
                    0x0240                  SPI1STAT = 0x240
                    0x0240                  _SPI1STAT = 0x240
                    0x0240                  _SPI1STATbits = 0x240
                    0x0242                  SPI1CON1 = 0x242
                    0x0242                  _SPI1CON1 = 0x242
                    0x0242                  _SPI1CON1bits = 0x242
                    0x0244                  SPI1CON2 = 0x244
                    0x0244                  _SPI1CON2 = 0x244
                    0x0244                  _SPI1CON2bits = 0x244
                    0x0248                  SPI1BUF = 0x248
                    0x0248                  _SPI1BUF = 0x248
                    0x02c0                  TRISA = 0x2c0
                    0x02c0                  _TRISA = 0x2c0
                    0x02c0                  _TRISAbits = 0x2c0
                    0x02c2                  PORTA = 0x2c2
                    0x02c2                  _PORTA = 0x2c2
                    0x02c2                  _PORTAbits = 0x2c2
                    0x02c4                  LATA = 0x2c4
                    0x02c4                  _LATA = 0x2c4
                    0x02c4                  _LATAbits = 0x2c4
                    0x02c6                  ODCA = 0x2c6
                    0x02c6                  _ODCA = 0x2c6
                    0x02c6                  _ODCAbits = 0x2c6
                    0x02c8                  TRISB = 0x2c8
                    0x02c8                  _TRISB = 0x2c8
                    0x02c8                  _TRISBbits = 0x2c8
                    0x02ca                  PORTB = 0x2ca
                    0x02ca                  _PORTB = 0x2ca
                    0x02ca                  _PORTBbits = 0x2ca
                    0x02cc                  LATB = 0x2cc
                    0x02cc                  _LATB = 0x2cc
                    0x02cc                  _LATBbits = 0x2cc
                    0x02ce                  ODCB = 0x2ce
                    0x02ce                  _ODCB = 0x2ce
                    0x02ce                  _ODCBbits = 0x2ce
                    0x02fc                  PADCFG1 = 0x2fc
                    0x02fc                  _PADCFG1 = 0x2fc
                    0x02fc                  _PADCFG1bits = 0x2fc
                    0x0300                  ADC1BUF0 = 0x300
                    0x0300                  _ADC1BUF0 = 0x300
                    0x0302                  ADC1BUF1 = 0x302
                    0x0302                  _ADC1BUF1 = 0x302
                    0x0304                  ADC1BUF2 = 0x304
                    0x0304                  _ADC1BUF2 = 0x304
                    0x0306                  ADC1BUF3 = 0x306
                    0x0306                  _ADC1BUF3 = 0x306
                    0x0308                  ADC1BUF4 = 0x308
                    0x0308                  _ADC1BUF4 = 0x308
                    0x030a                  ADC1BUF5 = 0x30a
                    0x030a                  _ADC1BUF5 = 0x30a
                    0x030c                  ADC1BUF6 = 0x30c
                    0x030c                  _ADC1BUF6 = 0x30c
                    0x030e                  ADC1BUF7 = 0x30e
                    0x030e                  _ADC1BUF7 = 0x30e
                    0x0310                  ADC1BUF8 = 0x310
                    0x0310                  _ADC1BUF8 = 0x310
                    0x0312                  ADC1BUF9 = 0x312
                    0x0312                  _ADC1BUF9 = 0x312
                    0x0314                  ADC1BUFA = 0x314
                    0x0314                  _ADC1BUFA = 0x314
                    0x0316                  ADC1BUFB = 0x316
                    0x0316                  _ADC1BUFB = 0x316
                    0x0318                  ADC1BUFC = 0x318
                    0x0318                  _ADC1BUFC = 0x318
                    0x031a                  ADC1BUFD = 0x31a
                    0x031a                  _ADC1BUFD = 0x31a
                    0x031c                  ADC1BUFE = 0x31c
                    0x031c                  _ADC1BUFE = 0x31c
                    0x031e                  ADC1BUFF = 0x31e
                    0x031e                  _ADC1BUFF = 0x31e
                    0x0320                  AD1CON1 = 0x320
                    0x0320                  _AD1CON1 = 0x320
                    0x0320                  _AD1CON1bits = 0x320
                    0x0322                  AD1CON2 = 0x322
                    0x0322                  _AD1CON2 = 0x322
                    0x0322                  _AD1CON2bits = 0x322
                    0x0324                  AD1CON3 = 0x324
                    0x0324                  _AD1CON3 = 0x324
                    0x0324                  _AD1CON3bits = 0x324
                    0x0328                  AD1CHS = 0x328
                    0x0328                  _AD1CHS = 0x328
                    0x0328                  _AD1CHSbits = 0x328
                    0x032c                  AD1PCFG = 0x32c
                    0x032c                  _AD1PCFG = 0x32c
                    0x032c                  _AD1PCFGbits = 0x32c
                    0x0330                  AD1CSSL = 0x330
                    0x0330                  _AD1CSSL = 0x330
                    0x0330                  _AD1CSSLbits = 0x330
                    0x033c                  CTMUCON = 0x33c
                    0x033c                  _CTMUCON = 0x33c
                    0x033c                  _CTMUCONbits = 0x33c
                    0x033e                  CTMUICON = 0x33e
                    0x033e                  _CTMUICON = 0x33e
                    0x033e                  _CTMUICONbits = 0x33e
                    0x0620                  ALRMVAL = 0x620
                    0x0620                  _ALRMVAL = 0x620
                    0x0622                  ALCFGRPT = 0x622
                    0x0622                  _ALCFGRPT = 0x622
                    0x0622                  _ALCFGRPTbits = 0x622
                    0x0624                  RTCVAL = 0x624
                    0x0624                  _RTCVAL = 0x624
                    0x0626                  RCFGCAL = 0x626
                    0x0626                  _RCFGCAL = 0x626
                    0x0626                  _RCFGCALbits = 0x626
                    0x0630                  CMSTAT = 0x630
                    0x0630                  _CMSTAT = 0x630
                    0x0630                  _CMSTATbits = 0x630
                    0x0632                  CVRCON = 0x632
                    0x0632                  _CVRCON = 0x632
                    0x0632                  _CVRCONbits = 0x632
                    0x0634                  CM1CON = 0x634
                    0x0634                  _CM1CON = 0x634
                    0x0634                  _CM1CONbits = 0x634
                    0x0636                  CM2CON = 0x636
                    0x0636                  _CM2CON = 0x636
                    0x0636                  _CM2CONbits = 0x636
                    0x0640                  CRCCON = 0x640
                    0x0640                  _CRCCON = 0x640
                    0x0640                  _CRCCONbits = 0x640
                    0x0642                  CRCXOR = 0x642
                    0x0642                  _CRCXOR = 0x642
                    0x0644                  CRCDAT = 0x644
                    0x0644                  _CRCDAT = 0x644
                    0x0646                  CRCWDAT = 0x646
                    0x0646                  _CRCWDAT = 0x646
                    0x0740                  RCON = 0x740
                    0x0740                  _RCON = 0x740
                    0x0740                  _RCONbits = 0x740
                    0x0742                  OSCCON = 0x742
                    0x0742                  _OSCCON = 0x742
                    0x0742                  _OSCCONbits = 0x742
                    0x0742                  OSCCONL = 0x742
                    0x0742                  _OSCCONL = 0x742
                    0x0743                  OSCCONH = 0x743
                    0x0743                  _OSCCONH = 0x743
                    0x0744                  CLKDIV = 0x744
                    0x0744                  _CLKDIV = 0x744
                    0x0744                  _CLKDIVbits = 0x744
                    0x0748                  OSCTUN = 0x748
                    0x0748                  _OSCTUN = 0x748
                    0x0748                  _OSCTUNbits = 0x748
                    0x074e                  REFOCON = 0x74e
                    0x074e                  _REFOCON = 0x74e
                    0x074e                  _REFOCONbits = 0x74e
                    0x0756                  HLVDCON = 0x756
                    0x0756                  _HLVDCON = 0x756
                    0x0756                  _HLVDCONbits = 0x756
                    0x0758                  DSCON = 0x758
                    0x0758                  _DSCON = 0x758
                    0x0758                  _DSCONbits = 0x758
                    0x075a                  DSWAKE = 0x75a
                    0x075a                  _DSWAKE = 0x75a
                    0x075a                  _DSWAKEbits = 0x75a
                    0x075a                  DSWSRC = 0x75a
                    0x075a                  _DSWSRC = 0x75a
                    0x075a                  _DSWSRCbits = 0x75a
                    0x075c                  DSGPR0 = 0x75c
                    0x075c                  _DSGPR0 = 0x75c
                    0x075e                  DSGPR1 = 0x75e
                    0x075e                  _DSGPR1 = 0x75e
                    0x0760                  NVMCON = 0x760
                    0x0760                  _NVMCON = 0x760
                    0x0760                  _NVMCONbits = 0x760
                    0x0766                  NVMKEY = 0x766
                    0x0766                  _NVMKEY = 0x766
                    0x0766                  _NVMKEYbits = 0x766
                    0x0770                  PMD1 = 0x770
                    0x0770                  _PMD1 = 0x770
                    0x0770                  _PMD1bits = 0x770
                    0x0772                  PMD2 = 0x772
                    0x0772                  _PMD2 = 0x772
                    0x0772                  _PMD2bits = 0x772
                    0x0774                  PMD3 = 0x774
                    0x0774                  _PMD3 = 0x774
                    0x0774                  _PMD3bits = 0x774
                    0x0776                  PMD4 = 0x776
                    0x0776                  _PMD4 = 0x776
                    0x0776                  _PMD4bits = 0x776
                    0x0140                  IC1 = 0x140
                    0x0140                  _IC1 = 0x140
                    0x0180                  OC1 = 0x180
                    0x0180                  _OC1 = 0x180
                    0x0240                  SPI1 = 0x240
                    0x0240                  _SPI1 = 0x240
                    0x0220                  UART1 = 0x220
                    0x0220                  _UART1 = 0x220
                    0x0230                  UART2 = 0x230
                    0x0230                  _UART2 = 0x230
START GROUP
LOAD d:/5th semester/ensf 460 dlc/compiler/bin/bin/../../lib\libc99-pic30-elf.a
LOAD d:/5th semester/ensf 460 dlc/compiler/bin/bin/../../lib\libm-elf.a
LOAD d:/5th semester/ensf 460 dlc/compiler/bin/bin/../../lib\libc99-elf.a
END GROUP
OUTPUT(dist/default/debug/AppProject_01.X.debug.elf elf32-pic30)
LOAD /CW/_FGSPÑž
LOAD /CW/_FBS ¡ž
LOAD default_isr
LOAD data_init

.debug_pubtypes
                  0x000310        0x447
 .debug_pubtypes
                  0x000310         0x7a build/default/debug/ChangeClk.o
 .debug_pubtypes
                  0x00038a        0x1ae build/default/debug/IOs.o
 .debug_pubtypes
                  0x000538         0x12 build/default/debug/main.o
 .debug_pubtypes
                  0x00054a         0xb2 build/default/debug/TimeDelay.o
 .debug_pubtypes
                  0x0005fc        0x11f build/default/debug/UART2.o
 .debug_pubtypes
                  0x00071b         0x3c build/default/debug/Alarm.o

__c30_signature
                  0x000757         0x9c
 __c30_signature
                  0x000757          0x6 build/default/debug/ChangeClk.o
 __c30_signature
                  0x00075d          0x6 build/default/debug/IOs.o
 __c30_signature
                  0x000763          0x6 build/default/debug/main.o
 __c30_signature
                  0x000769          0x6 build/default/debug/TimeDelay.o
 __c30_signature
                  0x00076f          0x6 build/default/debug/UART2.o
 __c30_signature
                  0x000775          0x6 build/default/debug/Alarm.o
 __c30_signature
                  0x00077b          0x6 d:/5th semester/ensf 460 dlc/compiler/bin/bin/../../lib\libc99-pic30-elf.a(crt0_standard.o)
 __c30_signature
                  0x000781          0x6 d:/5th semester/ensf 460 dlc/compiler/bin/bin/../../lib\libc99-pic30-elf.a(data_init_standard.o)
 __c30_signature
                  0x000787          0x6 d:/5th semester/ensf 460 dlc/compiler/bin/bin/../../lib\libc99-pic30-elf.a(fixunssfsi.XX_o)
 __c30_signature
                  0x00078d          0x6 d:/5th semester/ensf 460 dlc/compiler/bin/bin/../../lib\libc99-pic30-elf.a(floatsisf.XX_o)
 __c30_signature
                  0x000793          0x6 d:/5th semester/ensf 460 dlc/compiler/bin/bin/../../lib\libc99-pic30-elf.a(floatunsisf.XX_o)
 __c30_signature
                  0x000799          0x6 d:/5th semester/ensf 460 dlc/compiler/bin/bin/../../lib\libc99-pic30-elf.a(funpack.XX_o)
 __c30_signature
                  0x00079f          0x6 d:/5th semester/ensf 460 dlc/compiler/bin/bin/../../lib\libc99-pic30-elf.a(errno.XX_o)
 __c30_signature
                  0x0007a5          0x6 d:/5th semester/ensf 460 dlc/compiler/bin/bin/../../lib\libc99-pic30-elf.a(floatdisf.XX_o)
 __c30_signature
                  0x0007ab          0x6 d:/5th semester/ensf 460 dlc/compiler/bin/bin/../../lib\libc99-pic30-elf.a(floatundisf.XX_o)
 __c30_signature
                  0x0007b1          0x6 d:/5th semester/ensf 460 dlc/compiler/bin/bin/../../lib\libc99-pic30-elf.a(fpack.XX_o)
 __c30_signature
                  0x0007b7          0x6 d:/5th semester/ensf 460 dlc/compiler/bin/bin/../../lib\libm-elf.a(powf.XX_o)
 __c30_signature
                  0x0007bd          0x6 d:/5th semester/ensf 460 dlc/compiler/bin/bin/../../lib\libm-elf.a(scalbnf.XX_o)
 __c30_signature
                  0x0007c3          0x6 d:/5th semester/ensf 460 dlc/compiler/bin/bin/../../lib\libm-elf.a(sqrtf.XX_o)
 __c30_signature
                  0x0007c9          0x6 d:/5th semester/ensf 460 dlc/compiler/bin/bin/../../lib\libm-elf.a(fabsf.XX_o)
 __c30_signature
                  0x0007cf          0x6 d:/5th semester/ensf 460 dlc/compiler/bin/bin/../../lib\libc99-elf.a(__errno_location.XX_o)
 __c30_signature
                  0x0007d5          0x6 d:/5th semester/ensf 460 dlc/compiler/bin/bin/../../lib\libc99-elf.a(strlen.XX_o)
 __c30_signature
                  0x0007db          0x6 d:/5th semester/ensf 460 dlc/compiler/bin/bin/../../lib\libc99-pic30-elf.a(feqltle.XX_o)
 __c30_signature
                  0x0007e1          0x6 d:/5th semester/ensf 460 dlc/compiler/bin/bin/../../lib\libc99-pic30-elf.a(fgtge.XX_o)
 __c30_signature
                  0x0007e7          0x6 d:/5th semester/ensf 460 dlc/compiler/bin/bin/../../lib\libc99-pic30-elf.a(fcompare.XX_o)
 __c30_signature
                  0x0007ed          0x6 d:/5th semester/ensf 460 dlc/compiler/bin/bin/../../lib\libc99-pic30-elf.a(funpack2.XX_o)

.nbss               0x0850          0xe
 .nbss              0x0850          0x8 build/default/debug/IOs.o
                    0x0850                  _minutes
                    0x0852                  _seconds
                    0x0854                  _held
                    0x0856                  _isRunning
 .nbss              0x0858          0x6 build/default/debug/main.o
                    0x0858                  _RA2flag
                    0x085a                  _RA4flag
                    0x085c                  _RB4flag

.ndata              0x085e          0x2
 .ndata             0x085e          0x2 build/default/debug/main.o
                    0x085e                  _delayFlag

.nbss               0x0860          0x4
 .nbss              0x0860          0x2 build/default/debug/UART2.o
                    0x0860                  _clkval
 .nbss              0x0862          0x2 d:/5th semester/ensf 460 dlc/compiler/bin/bin/../../lib\libc99-pic30-elf.a(errno.XX_o)
                    0x0862                  _errno

.data               0x0864         0x18
 .data              0x0864         0x18 d:/5th semester/ensf 460 dlc/compiler/bin/bin/../../lib\libm-elf.a(powf.XX_o)

.bss                0x087c          0x2
 .bss               0x087c          0x2 d:/5th semester/ensf 460 dlc/compiler/bin/bin/../../lib\libc99-elf.a(__errno_location.XX_o)
                    0x087c                  ___errno_val

.ivt._CNInterrupt
                  0x00003a          0x2
 .ivt._CNInterrupt
                  0x00003a          0x2 build/default/debug/IOs.o

.config_DSWDTEN
                  0xf80010          0x2
 .config_DSWDTEN
                  0xf80010          0x2 build/default/debug/main.o

.config_BKBUG     0xf8000e          0x2
 .config_BKBUG    0xf8000e          0x2 build/default/debug/main.o

.config_MCLRE     0xf8000c          0x2
 .config_MCLRE    0xf8000c          0x2 build/default/debug/main.o

.config_FWDTEN    0xf8000a          0x2
 .config_FWDTEN
                  0xf8000a          0x2 build/default/debug/main.o

.config_FCKSM     0xf80008          0x2
 .config_FCKSM    0xf80008          0x2 build/default/debug/main.o

.config_IESO      0xf80006          0x2
 .config_IESO     0xf80006          0x2 build/default/debug/main.o

.ivt._T2Interrupt
                  0x000022          0x2
 .ivt._T2Interrupt
                  0x000022          0x2 build/default/debug/TimeDelay.o

.ivt._U2RXInterrupt
                  0x000050          0x2
 .ivt._U2RXInterrupt
                  0x000050          0x2 build/default/debug/UART2.o

.ivt._U2TXInterrupt
                  0x000052          0x2
 .ivt._U2TXInterrupt
                  0x000052          0x2 build/default/debug/UART2.o

.const              0x94ca         0x1e load address 0x0014ca  
 .const             0x94ca         0x1e build/default/debug/Alarm.o

.text             0x0014e8        0x4b2
 .text            0x0014e8        0x1f6 build/default/debug/UART2.o
                  0x0014e8                  _InitUART2
                  0x001550                  _XmitUART2
                  0x001588                  _Disp2Hex
                  0x0015e6                  _Disp2Hex32
                  0x00165c                  _Disp2Dec
                  0x0016bc                  _Disp2String
 .text            0x0016de        0x18c build/default/debug/IOs.o
                  0x0016de                  _IOinit
                  0x00171c                  _IOcheck
 .text            0x00186a         0x74 build/default/debug/ChangeClk.o
                  0x00186a                  _NewClk
 .text            0x0018de         0x72 build/default/debug/TimeDelay.o
                  0x0018de                  _delay_ms
 .text            0x001950         0x4a build/default/debug/Alarm.o
                  0x001950                  _displayAlarm

.dinit            0x00199a         0x3e
 .dinit           0x00199a         0x3e data_init

.text             0x0019d8         0x18
 .text            0x0019d8         0x18 build/default/debug/main.o
                  0x0019d8                  _main
